{
    "get_popular_directors": {
        "John Lasseter": 5,
        "Joe Johnston": 4,
        "Howard Deutch": 3,
        "Forest Whitaker": 2
    },
    "get_most_expensive_movies": {
        "Джуманджи": "$65,000,000",
        "Схватка": "$60,000,000",
        "Золотой глаз": "$60,000,000",
        "Сабрина": "$58,000,000",
        "Внeзапная смерть": "$35,000,000"
    },
    "get_most_profitable_movies": {
        "История игрушек": 364436586,
        "Золотой глаз": 292194034,
        "Джуманджи": 197821940,
        "Схватка": 127436818,
        "В ожидании выдоха": 65452156
    },
    "get_most_longest_movies": {
        "Схватка": "2 hours 50 minutes",
        "Золотой глаз": "2 hours 10 minutes",
        "Сабрина": "2 hours 7 minutes",
        "В ожидании выдоха": "2 hours 4 minutes",
        "Внeзапная смерть": "1 hour 51 minutes"
    },
    "get_top_cost_per_minute_movies": {
        "Джуманджи": 625000.0,
        "Золотой глаз": 461538.46,
        "Сабрина": 456692.91,
        "История игрушек": 370370.37,
        "Схватка": 352941.18
    }
}
