{
    "get_release_years_movie_counts": {
        "1995": 224,
        "1994": 184,
        "1996": 181,
        "1993": 101,
        "1992": 23,
        "1990": 15,
        "1991": 15,
        "1989": 14,
        "1986": 9,
        "1982": 8,
        "1940": 8,
        "1957": 8,
        "1987": 8,
        "1980": 8,
        "1981": 7,
        "1988": 7,
        "1979": 7,
        "1955": 6,
        "1959": 6,
        "1968": 6,
        "1997": 6,
        "1939": 6,
        "1985": 6,
        "1967": 5,
        "1965": 5,
        "1951": 5,
        "1958": 5,
        "1944": 5,
        "1941": 5,
        "1975": 5,
        "1971": 5,
        "1984": 5,
        "1964": 4,
        "1973": 4,
        "1954": 4,
        "1934": 4,
        "1960": 4,
        "1963": 4,
        "1950": 4,
        "1974": 4,
        "1983": 4,
        "1977": 3,
        "1937": 3,
        "1972": 3,
        "1952": 3,
        "1961": 3,
        "1953": 3,
        "1946": 3,
        "1938": 3,
        "1956": 3,
        "1962": 3,
        "1976": 2,
        "1969": 2,
        "1970": 2,
        "1942": 2,
        "1945": 2,
        "1947": 2,
        "1935": 2,
        "1936": 2,
        "1949": 2,
        "1978": 2,
        "1943": 1,
        "1932": 1,
        "1966": 1,
        "1948": 1,
        "1933": 1,
        "1931": 1
    },
    "get_genres_counts": {
        "Drama": 507,
        "Comedy": 365,
        "Romance": 208,
        "Thriller": 179,
        "Action": 158,
        "Adventure": 126,
        "Crime": 122,
        "Children": 100,
        "Fantasy": 69,
        "Sci-Fi": 69,
        "Mystery": 58,
        "Musical": 53,
        "Horror": 51,
        "War": 48,
        "Animation": 37,
        "Documentary": 25,
        "Western": 23,
        "Film-Noir": 18,
        "IMAX": 3
    },
    "get_most_genres_movies": {
        "Strange Days (1995)": 6,
        "Lion King, The (1994)": 6,
        "Getaway, The (1994)": 6,
        "Super Mario Bros. (1993)": 6,
        "Beauty and the Beast (1991)": 6,
        "All Dogs Go to Heaven 2 (1996)": 6,
        "Space Jam (1996)": 6,
        "Aladdin and the King of Thieves (1996)": 6,
        "Toy Story (1995)": 5,
        "Money Train (1995)": 5
    },
    "get_most_ratings_movies": {
        "Usual Suspects, The (1995)": 4,
        "Pulp Fiction (1994)": 4,
        "Fugitive, The (1993)": 4,
        "Schindler's List (1993)": 4,
        "Aladdin (1992)": 4,
        "Batman (1989)": 4,
        "Silence of the Lambs, The (1991)": 4,
        "Beauty and the Beast (1991)": 4,
        "Fargo (1996)": 4,
        "Toy Story (1995)": 3
    },
    "get_top_ratings_metric_features_min": {
        "5": 5.0,
        "22": 5.0,
        "86": 5.0,
        "101": 5.0,
        "125": 5.0,
        "157": 5.0,
        "160": 5.0,
        "162": 5.0,
        "168": 5.0,
        "176": 5.0
    },
    "get_top_ratings_metric_features_max": {
        "3": 5.0,
        "5": 5.0,
        "22": 5.0,
        "36": 5.0,
        "47": 5.0,
        "50": 5.0,
        "58": 5.0,
        "86": 5.0,
        "101": 5.0,
        "110": 5.0
    },
    "get_top_ratings_metric_features_mean": {
        "5": 5.0,
        "22": 5.0,
        "86": 5.0,
        "101": 5.0,
        "125": 5.0,
        "157": 5.0,
        "160": 5.0,
        "162": 5.0,
        "168": 5.0,
        "176": 5.0
    },
    "get_top_ratings_metric_features_median": {
        "5": 5.0,
        "22": 5.0,
        "86": 5.0,
        "101": 5.0,
        "125": 5.0,
        "157": 5.0,
        "160": 5.0,
        "162": 5.0,
        "168": 5.0,
        "176": 5.0
    },
    "get_top_ratings_metric_features_var": {
        "914": 5.06,
        "527": 3.42,
        "647": 3.06,
        "50": 2.42,
        "222": 2.25,
        "441": 2.25,
        "466": 2.25,
        "587": 2.25,
        "296": 2.19,
        "553": 2.0
    },
    "get_top_ratings_metric_features_std": {
        "914": 2.25,
        "527": 1.85,
        "647": 1.75,
        "50": 1.56,
        "222": 1.5,
        "441": 1.5,
        "466": 1.5,
        "587": 1.5,
        "296": 1.48,
        "553": 1.41
    }
}
