{
    "get_top_release_years": {
        "1996": 358,
        "1999": 82,
        "2000": 296,
        "2001": 70,
        "2005": 121,
        "2006": 4,
        "2007": 1,
        "2011": 39,
        "2015": 29
    },
    "get_top_ratings": {
        "0.5": 24,
        "1.0": 39,
        "1.5": 11,
        "2.0": 57,
        "2.5": 7,
        "3.0": 253,
        "3.5": 17,
        "4.0": 292,
        "4.5": 33,
        "5.0": 267
    }
}
