{
    "get_users_rating_counts": {
        "2": 29,
        "3": 39,
        "5": 44,
        "7": 126,
        "4": 216,
        "1": 232,
        "6": 314
    },
    "get_top_ratings_metric_users_min": {
        "2": 2.0,
        "1": 1.0,
        "4": 1.0,
        "5": 1.0,
        "6": 1.0,
        "3": 0.5,
        "7": 0.5
    },
    "get_top_ratings_metric_users_max": {
        "1": 5.0,
        "2": 5.0,
        "3": 5.0,
        "4": 5.0,
        "5": 5.0,
        "6": 5.0,
        "7": 5.0
    },
    "get_top_ratings_metric_users_mean": {
        "1": 4.37,
        "2": 3.95,
        "5": 3.64,
        "4": 3.56,
        "6": 3.49,
        "7": 3.35,
        "3": 2.44
    },
    "get_top_ratings_metric_users_median": {
        "1": 5.0,
        "2": 4.0,
        "4": 4.0,
        "5": 4.0,
        "7": 4.0,
        "6": 3.0,
        "3": 0.5
    },
    "get_top_ratings_metric_users_var": {
        "3": 4.26,
        "4": 1.72,
        "7": 1.65,
        "5": 0.96,
        "6": 0.72,
        "1": 0.64,
        "2": 0.63
    },
    "get_top_ratings_metric_users_std": {
        "3": 2.06,
        "4": 1.31,
        "7": 1.28,
        "5": 0.98,
        "6": 0.85,
        "1": 0.8,
        "2": 0.79
    }
}
